[May 12 15:19:02] tty helper[2:0] [Info]: Loading /tmp/_pkg/mpi.deb (this may take a while) ...

[May 12 15:19:02] tty helper[2:0] [Info]: Selecting previously unselected package mpi.

[May 12 15:19:02] tty helper[2:0] [Info]: (Reading database ...
[May 12 15:19:02] tty helper[2:0] [Info]:  0 files and directories installed.)

[May 12 15:19:02] tty helper[2:0] [Info]: Preparing to unpack mpi.deb ...

[May 12 15:19:02] tty helper[2:0] [Info]: Unpacking mpi (1.0-1) ...

[May 12 15:19:02] tty helper[2:0] [Info]: Setting up mpi (1.0-1) ...

[May 12 15:19:02] tty helper[2:0] [Info]: Loading /tmp/_pkg/libsystem.deb (this may take a while) ...

[May 12 15:19:02] tty helper[2:0] [Info]: Selecting previously unselected package libsystem.

[May 12 15:19:02] tty helper[2:0] [Info]: (Reading database ...
[May 12 15:19:02] tty helper[2:0] [Info]:  4 files and directories installed.)

[May 12 15:19:02] tty helper[2:0] [Info]: Preparing to unpack libsystem.deb ...

[May 12 15:19:02] tty helper[2:0] [Info]: Unpacking libsystem (0.1.6-1) ...

[May 12 15:19:02] tty helper[2:0] [Info]: Setting up libsystem (0.1.6-1) ...

[May 12 15:19:02] tty helper[2:0] [Info]: Loading /tmp/_pkg/baseutils.deb (this may take a while) ...

[May 12 15:19:02] tty helper[2:0] [Info]: Selecting previously unselected package baseutils.

[May 12 15:19:02] tty helper[2:0] [Info]: (Reading database ...
[May 12 15:19:02] tty helper[2:0] [Info]:  7 files and directories installed.)

[May 12 15:19:02] tty helper[2:0] [Info]: Preparing to unpack baseutils.deb ...

[May 12 15:19:02] tty helper[2:0] [Info]: Unpacking baseutils (0.2.2-1) ...

[May 12 15:19:03] tty helper[2:0] [Info]: Setting up baseutils (0.2.2-1) ...

[May 12 15:19:03] tty helper[2:0] [Info]: Loading /tmp/_pkg/diff.deb (this may take a while) ...

[May 12 15:19:03] tty helper[2:0] [Info]: Selecting previously unselected package diff.

[May 12 15:19:03] tty helper[2:0] [Info]: (Reading database ...
[May 12 15:19:03] tty helper[2:0] [Info]:  81 files and directories installed.)

[May 12 15:19:03] tty helper[2:0] [Info]: Preparing to unpack diff.deb ...

[May 12 15:19:03] tty helper[2:0] [Info]: Unpacking diff (1.0-1) ...

[May 12 15:19:03] tty helper[2:0] [Info]: Setting up diff (1.0-1) ...

[May 12 15:19:03] tty helper[2:0] [Info]: Loading /tmp/_pkg/ccryptolib.deb (this may take a while) ...

[May 12 15:19:03] tty helper[2:0] [Info]: Selecting previously unselected package ccryptolib.

[May 12 15:19:03] tty helper[2:0] [Info]: (Reading database ...
[May 12 15:19:03] tty helper[2:0] [Info]:  85 files and directories installed.)

[May 12 15:19:03] tty helper[2:0] [Info]: Preparing to unpack ccryptolib.deb ...

[May 12 15:19:03] tty helper[2:0] [Info]: Unpacking ccryptolib (1.2.2-1) ...

[May 12 15:19:03] tty helper[2:0] [Info]: Setting up ccryptolib (1.2.2-1) ...

[May 12 15:19:03] tty helper[2:0] [Info]: Loading /tmp/_pkg/startmgr.deb (this may take a while) ...

[May 12 15:19:04] tty helper[2:0] [Info]: Selecting previously unselected package startmgr.

[May 12 15:19:04] tty helper[2:0] [Info]: (Reading database ...
[May 12 15:19:04] tty helper[2:0] [Info]:  89 files and directories installed.)

[May 12 15:19:04] tty helper[2:0] [Info]: Preparing to unpack startmgr.deb ...

[May 12 15:19:04] tty helper[2:0] [Info]: Unpacking startmgr (0.1.2-1) ...

[May 12 15:19:04] tty helper[2:0] [Info]: Setting up startmgr (0.1.2-1) ...

[May 12 15:19:04] tty helper[2:0] [Info]: Processing triggers for baseutils (0.2.2-1) ...

[May 12 15:19:04] tty helper[2:0] [Info]: Loading /tmp/_pkg/tar.deb (this may take a while) ...

[May 12 15:19:04] tty helper[2:0] [Info]: Selecting previously unselected package tar.

[May 12 15:19:04] tty helper[2:0] [Info]: (Reading database ...
[May 12 15:19:04] tty helper[2:0] [Info]:  108 files and directories installed.)

[May 12 15:19:04] tty helper[2:0] [Info]: Preparing to unpack tar.deb ...

[May 12 15:19:04] tty helper[2:0] [Info]: Unpacking tar (1.0.1-2) ...

[May 12 15:19:04] tty helper[2:0] [Info]: Setting up tar (1.0.1-2) ...

[May 12 15:19:04] tty helper[2:0] [Info]: Processing triggers for baseutils (0.2.2-1) ...

[May 12 15:19:04] tty helper[2:0] [Info]: Loading /tmp/_pkg/sha2.deb (this may take a while) ...

[May 12 15:19:04] tty helper[2:0] [Info]: Selecting previously unselected package sha2.

[May 12 15:19:04] tty helper[2:0] [Info]: (Reading database ...
[May 12 15:19:04] tty helper[2:0] [Info]:  118 files and directories installed.)

[May 12 15:19:04] tty helper[2:0] [Info]: Preparing to unpack sha2.deb ...

[May 12 15:19:04] tty helper[2:0] [Info]: Unpacking sha2 (12-1) ...

[May 12 15:19:04] tty helper[2:0] [Info]: Setting up sha2 (12-1) ...

[May 12 15:19:05] tty helper[2:0] [Info]: Loading /tmp/_pkg/diskmgr.deb (this may take a while) ...

[May 12 15:19:05] tty helper[2:0] [Info]: Selecting previously unselected package diskmgr.

[May 12 15:19:05] tty helper[2:0] [Info]: (Reading database ...
[May 12 15:19:05] tty helper[2:0] [Info]:  131 files and directories installed.)

[May 12 15:19:05] tty helper[2:0] [Info]: Preparing to unpack diskmgr.deb ...

[May 12 15:19:05] tty helper[2:0] [Info]: Unpacking diskmgr (1.0.1-1) ...

[May 12 15:19:05] tty helper[2:0] [Info]: Setting up diskmgr (1.0.1-1) ...

[May 12 15:19:05] tty helper[2:0] [Info]: Loading /tmp/_pkg/ar.deb (this may take a while) ...

[May 12 15:19:05] tty helper[2:0] [Info]: Selecting previously unselected package ar.

[May 12 15:19:05] tty helper[2:0] [Info]: (Reading database ...
[May 12 15:19:05] tty helper[2:0] [Info]:  141 files and directories installed.)

[May 12 15:19:05] tty helper[2:0] [Info]: Preparing to unpack ar.deb ...

[May 12 15:19:05] tty helper[2:0] [Info]: Unpacking ar (1.1.1-1) ...

[May 12 15:19:05] tty helper[2:0] [Info]: Setting up ar (1.1.1-1) ...

[May 12 15:19:05] tty helper[2:0] [Info]: Loading /tmp/_pkg/usermgr.deb (this may take a while) ...

[May 12 15:19:05] tty helper[2:0] [Info]: Selecting previously unselected package usermgr.

[May 12 15:19:05] tty helper[2:0] [Info]: (Reading database ...
[May 12 15:19:05] tty helper[2:0] [Info]:  146 files and directories installed.)

[May 12 15:19:05] tty helper[2:0] [Info]: Preparing to unpack usermgr.deb ...

[May 12 15:19:05] tty helper[2:0] [Info]: Unpacking usermgr (0.1.3-1) ...

[May 12 15:19:06] tty helper[2:0] [Info]: Setting up usermgr (0.1.3-1) ...

[May 12 15:19:06] tty helper[2:0] [Info]: Processing triggers for baseutils (0.2.2-1) ...

[May 12 15:19:06] tty helper[2:0] [Info]: Loading /tmp/_pkg/pxboot.deb (this may take a while) ...

[May 12 15:19:06] tty helper[2:0] [Info]: Selecting previously unselected package pxboot.

[May 12 15:19:06] tty helper[2:0] [Info]: (Reading database ...
[May 12 15:19:06] tty helper[2:0] [Info]:  190 files and directories installed.)

[May 12 15:19:06] tty helper[2:0] [Info]: Preparing to unpack pxboot.deb ...

[May 12 15:19:06] tty helper[2:0] [Info]: Unpacking pxboot (0.1.3-1) ...

[May 12 15:19:06] tty helper[2:0] [Info]: Setting up pxboot (0.1.3-1) ...

[May 12 15:19:06] tty helper[2:0] [Info]: Loading /tmp/_pkg/aes.deb (this may take a while) ...

[May 12 15:19:06] tty helper[2:0] [Info]: Selecting previously unselected package aes.

[May 12 15:19:06] tty helper[2:0] [Info]: (Reading database ...
[May 12 15:19:06] tty helper[2:0] [Info]:  196 files and directories installed.)

[May 12 15:19:06] tty helper[2:0] [Info]: Preparing to unpack aes.deb ...

[May 12 15:19:06] tty helper[2:0] [Info]: Unpacking aes (1.0-1) ...

[May 12 15:19:06] tty helper[2:0] [Info]: Setting up aes (1.0-1) ...

[May 12 15:19:06] tty helper[2:0] [Info]: Loading /tmp/_pkg/pgp.deb (this may take a while) ...

[May 12 15:19:06] tty helper[2:0] [Info]: Selecting previously unselected package pgp.

[May 12 15:19:06] tty helper[2:0] [Info]: (Reading database ...
[May 12 15:19:06] tty helper[2:0] [Info]:  200 files and directories installed.)

[May 12 15:19:06] tty helper[2:0] [Info]: Preparing to unpack pgp.deb ...

[May 12 15:19:06] tty helper[2:0] [Info]: Unpacking pgp (0.2-1) ...

[May 12 15:19:06] tty helper[2:0] [Info]: Setting up pgp (0.2-1) ...

[May 12 15:19:06] tty helper[2:0] [Info]: Loading /tmp/_pkg/muxzcat.deb (this may take a while) ...

[May 12 15:19:06] tty helper[2:0] [Info]: Selecting previously unselected package muxzcat.

[May 12 15:19:06] tty helper[2:0] [Info]: (Reading database ...
[May 12 15:19:06] tty helper[2:0] [Info]:  204 files and directories installed.)

[May 12 15:19:06] tty helper[2:0] [Info]: Preparing to unpack muxzcat.deb ...

[May 12 15:19:06] tty helper[2:0] [Info]: Unpacking muxzcat (1.1-1) ...

[May 12 15:19:07] tty helper[2:0] [Info]: Setting up muxzcat (1.1-1) ...

[May 12 15:19:07] tty helper[2:0] [Info]: Loading /tmp/_pkg/libdeflate.deb (this may take a while) ...

[May 12 15:19:07] tty helper[2:0] [Info]: Selecting previously unselected package libdeflate.

[May 12 15:19:07] tty helper[2:0] [Info]: (Reading database ...
[May 12 15:19:07] tty helper[2:0] [Info]:  210 files and directories installed.)

[May 12 15:19:07] tty helper[2:0] [Info]: Preparing to unpack libdeflate.deb ...

[May 12 15:19:07] tty helper[2:0] [Info]: Unpacking libdeflate (1.0.2-3) ...

[May 12 15:19:07] tty helper[2:0] [Info]: Setting up libdeflate (1.0.2-3) ...

[May 12 15:19:07] tty helper[2:0] [Info]: Loading /tmp/_pkg/dpkg.deb (this may take a while) ...

[May 12 15:19:07] tty helper[2:0] [Info]: Selecting previously unselected package dpkg.

[May 12 15:19:07] tty helper[2:0] [Info]: (Reading database ...
[May 12 15:19:07] tty helper[2:0] [Info]:  216 files and directories installed.)

[May 12 15:19:07] tty helper[2:0] [Info]: Preparing to unpack dpkg.deb ...

[May 12 15:19:07] tty helper[2:0] [Info]: Unpacking dpkg (0.2.9-1) ...

[May 12 15:19:07] tty helper[2:0] [Info]: Setting up dpkg (0.2.9-1) ...

[May 12 15:19:07] tty helper[2:0] [Info]: Processing triggers for baseutils (0.2.2-1) ...

[May 12 15:19:08] tty helper[2:0] [Info]: Loading /tmp/_pkg/apt.deb (this may take a while) ...

[May 12 15:19:08] tty helper[2:0] [Info]: Selecting previously unselected package apt.

[May 12 15:19:08] tty helper[2:0] [Info]: (Reading database ...
[May 12 15:19:08] tty helper[2:0] [Info]:  240 files and directories installed.)

[May 12 15:19:08] tty helper[2:0] [Info]: Preparing to unpack apt.deb ...

[May 12 15:19:08] tty helper[2:0] [Info]: Unpacking apt (0.2.2-1) ...

[May 12 15:19:08] tty helper[2:0] [Info]: Setting up apt (0.2.2-1) ...

[May 12 15:19:08] tty helper[2:0] [Info]: Loading /tmp/_pkg/phoenix.deb (this may take a while) ...

[May 12 15:19:09] tty helper[2:0] [Info]: Selecting previously unselected package phoenix.

[May 12 15:19:09] tty helper[2:0] [Info]: (Reading database ...
[May 12 15:19:09] tty helper[2:0] [Info]:  272 files and directories installed.)

[May 12 15:19:09] tty helper[2:0] [Info]: Preparing to unpack phoenix.deb ...

[May 12 15:19:09] tty helper[2:0] [Info]: Unpacking phoenix (0.0.9-1) ...

[May 12 15:19:09] tty helper[2:0] [Info]: Setting up phoenix (0.0.9-1) ...

[May 12 15:19:09] tty helper[2:0] [Info]: Creating user... (PID 28)

[May 12 15:19:09] tty helper[2:0] [Info]: Setting up pxboot config...

[May 12 15:19:09] tty helper[2:0] [Info]: Cleaning up...

